--- AutoGrader Phase 1 Demo (Python version) ---

1. Creating Course...

ERROR: Demo failed. Details: 404 Client Error:  for url: http://localhost:8080/api/courses
